 Begin CmpMap 	# Compound Mapping
    Nin = 2 	# Number of input coordinates
    Fwd = 0 	# Forward transformation not defined
    Inv = 0 	# Inverse transformation not defined
 IsA Mapping 	# Mapping between coordinate systems
    InvB = 1 	# Second Mapping used in inverse direction
    MapA = 	# First component Mapping
       Begin ChebyMap 	# Chebyshev polynomial transformation
          Nin = 2 	# Number of input coordinates
       IsA Mapping 	# Mapping between coordinate systems
          MPF1 = 1 	# Max. power of input 1 in any forward polynomial
          MPF2 = 1 	# Max. power of input 2 in any forward polynomial
          NCF1 = 2 	# No. of coeff.s for forward polynomial 1
          NCF2 = 2 	# No. of coeff.s for forward polynomial 2
          CF1 = 1 	# Coeff 1 of forward polynomial 1
          CF2 = 1 	# Coeff 2 of forward polynomial 1
          CF3 = 1 	# Coeff 1 of forward polynomial 2
          CF4 = -1 	# Coeff 2 of forward polynomial 2
          PF1 = 1 	# Power of i/p 1 for coeff 1 of fwd poly 1
          PF4 = 1 	# Power of i/p 2 for coeff 2 of fwd poly 1
          PF5 = 1 	# Power of i/p 1 for coeff 1 of fwd poly 2
          PF8 = 1 	# Power of i/p 2 for coeff 2 of fwd poly 2
       IsA PolyMap 	# Polynomial transformation
          FSCL1 = 1 	# Scale factor on input 1
          FSCL2 = 1 	# Scale factor on input 2
          FOFF1 = 0 	# Offset on input 1
          FOFF2 = 0 	# Offset on input 2
       End ChebyMap
    MapB = 	# Second component Mapping
       Begin ChebyMap 	# Chebyshev polynomial transformation
          Nin = 2 	# Number of input coordinates
          Invert = 1 	# Mapping inverted
       IsA Mapping 	# Mapping between coordinate systems
          MPF1 = 1 	# Max. power of input 1 in any forward polynomial
          MPF2 = 1 	# Max. power of input 2 in any forward polynomial
          NCF1 = 2 	# No. of coeff.s for forward polynomial 1
          NCF2 = 2 	# No. of coeff.s for forward polynomial 2
          CF1 = 1 	# Coeff 1 of forward polynomial 1
          CF2 = 1 	# Coeff 2 of forward polynomial 1
          CF3 = 1 	# Coeff 1 of forward polynomial 2
          CF4 = -1 	# Coeff 2 of forward polynomial 2
          PF1 = 1 	# Power of i/p 1 for coeff 1 of fwd poly 1
          PF4 = 1 	# Power of i/p 2 for coeff 2 of fwd poly 1
          PF5 = 1 	# Power of i/p 1 for coeff 1 of fwd poly 2
          PF8 = 1 	# Power of i/p 2 for coeff 2 of fwd poly 2
       IsA PolyMap 	# Polynomial transformation
          FSCL1 = 1 	# Scale factor on input 1
          FSCL2 = 1 	# Scale factor on input 2
          FOFF1 = 0 	# Offset on input 1
          FOFF2 = 0 	# Offset on input 2
       End ChebyMap
 End CmpMap
