 Begin CmpMap 	# Compound Mapping
    Nin = 1 	# Number of input coordinates
 IsA Mapping 	# Mapping between coordinate systems
    InvB = 1 	# Second Mapping used in inverse direction
    MapA = 	# First component Mapping
       Begin PolyMap 	# Polynomial transformation
          Nin = 1 	# Number of input coordinates
       IsA Mapping 	# Mapping between coordinate systems
          MPF1 = 2 	# Max. power of input 1 in any forward polynomial
          NCF1 = 2 	# No. of coeff.s for forward polynomial 1
          CF1 = 1 	# Coeff 1 of forward polynomial 1
          CF2 = 0.01 	# Coeff 2 of forward polynomial 1
          PF1 = 1 	# Power of i/p 1 for coeff 1 of fwd poly 1
          PF2 = 2 	# Power of i/p 1 for coeff 2 of fwd poly 1
       End PolyMap
    MapB = 	# Second component Mapping
       Begin PolyMap 	# Polynomial transformation
          Nin = 1 	# Number of input coordinates
       IsA Mapping 	# Mapping between coordinate systems
          MPF1 = 2 	# Max. power of input 1 in any forward polynomial
          NCF1 = 2 	# No. of coeff.s for forward polynomial 1
          CF1 = 1 	# Coeff 1 of forward polynomial 1
          CF2 = 0.01 	# Coeff 2 of forward polynomial 1
          PF1 = 1 	# Power of i/p 1 for coeff 1 of fwd poly 1
          PF2 = 2 	# Power of i/p 1 for coeff 2 of fwd poly 1
       End PolyMap
 End CmpMap
