 Begin CmpMap 	# Compound Mapping
    Nin = 2 	# Number of input coordinates
 IsA Mapping 	# Mapping between coordinate systems
    MapA = 	# First component Mapping
       Begin CmpMap 	# Compound Mapping
          Nin = 2 	# Number of input coordinates
       IsA Mapping 	# Mapping between coordinate systems
          MapA = 	# First component Mapping
             Begin SlaMap 	# Conversion between sky coordinate systems
                Nin = 2 	# Number of input coordinates
             IsA Mapping 	# Mapping between coordinate systems
                Nsla = 1 	# Number of conversion steps
                Sla1 = "EQGAL" 	# J2000.0 equatorial (FK5) to galactic (IAU 1958)
             End SlaMap
          MapB = 	# Second component Mapping
             Begin SlaMap 	# Conversion between sky coordinate systems
                Nin = 2 	# Number of input coordinates
             IsA Mapping 	# Mapping between coordinate systems
                Nsla = 1 	# Number of conversion steps
                Sla1 = "GALEQ" 	# Galactic (IAU 1958) to J2000.0 equatorial (FK5)
             End SlaMap
       End CmpMap
    MapB = 	# Second component Mapping
       Begin SlaMap 	# Conversion between sky coordinate systems
          Nin = 2 	# Number of input coordinates
       IsA Mapping 	# Mapping between coordinate systems
          Nsla = 1 	# Number of conversion steps
          Sla1 = "ECLEQ" 	# Ecliptic (IAU 1980) to J2000.0 equatorial (FK5)
          Sla1a = <bad> 	# TDB of mean ecliptic (as MJD)
       End SlaMap
 End CmpMap
