 Begin TimeMap 	# Conversion between time coordinate systems
    Nin = 1 	# Number of input coordinates
 IsA Mapping 	# Mapping between coordinate systems
    Ntime = 16 	# Number of conversion steps
    Time1 = "TTTOTDB" 	# Convert TT to TDB
    Time1a = 2000 	# MJD offset
    Time1b = 2000 	# Observer longitude
    Time1c = 2000 	# Observer latitude
    Time1d = 2000 	# Observer altitude
    Time1e = -2351.2574500151868 	# Distance from earth spin axis
    Time1f = 5911.2026796991031 	# Distance north of equatorial plane
    Time1g = 2000 	# DTAI
    Time2 = "TDBTOTT" 	# Convert TDB to TT
    Time2a = 2000 	# MJD offset
    Time2b = 2000 	# Observer longitude
    Time2c = 2000 	# Observer latitude
    Time2d = 2000 	# Observer altitude
    Time2e = -2351.2574500151868 	# Distance from earth spin axis
    Time2f = 5911.2026796991031 	# Distance north of equatorial plane
    Time2g = 2000 	# DTAI
    Time3 = "TDBTOTCB" 	# Convert TDB to TCB
    Time3a = 2000 	# MJD offset
    Time3b = -0.0006379451009045511 	# TCB offset
    Time4 = "TCBTOTDB" 	# Convert TCB to TDB
    Time4a = 2000 	# MJD offset
    Time4b = -0.0006379451009045511 	# TCB offset
    Time5 = "TTTOTCG" 	# Convert TT to TCG
    Time5a = 2000 	# MJD offset
    Time5b = -2.8674447586935658e-05 	# TCG offset
    Time6 = "TCGTOTT" 	# Convert TCG to TT
    Time6a = 2000 	# MJD offset
    Time6b = -2.8674447586935658e-05 	# TCG offset
    Time7 = "TAITOTT" 	# Convert TAI to TT
    Time7a = 2000 	# MJD offset
    Time8 = "TTTOTAI" 	# Convert TT to TAI
    Time8a = 2000 	# MJD offset
    Time9 = "UTTOGMST" 	# Convert UT to GMST
    Time9a = 2000 	# MJD offset
    Time10 = "GMSTTOUT" 	# Convert GMST to UT
    Time10a = 2000 	# MJD offset
    Time11 = "GMSTTOLMST" 	# Convert GMST to LMST
    Time11a = 2000 	# MJD offset
    Time11b = 2000 	# Observer longitude
    Time11c = 2000 	# Observer latitude
    Time12 = "LMSTTOGMST" 	# Convert LMST to GMST
    Time12a = 2000 	# MJD offset
    Time12b = 2000 	# Observer longitude
    Time12c = 2000 	# Observer latitude
    Time13 = "LASTTOLMST" 	# Convert LAST to LMST
    Time13a = 2000 	# MJD offset
    Time13b = 2000 	# Observer longitude
    Time13c = 2000 	# Observer latitude
    Time14 = "LMSTTOLAST" 	# Convert LMST to LAST
    Time14a = 2000 	# MJD offset
    Time14b = 2000 	# Observer longitude
    Time14c = 2000 	# Observer latitude
    Time15 = "UTTOUTC" 	# Convert UT1 to UTC
    Time15a = 2000 	# DUT1
    Time16 = "UTCTOUT" 	# Convert UTC to UT1
    Time16a = 2000 	# DUT1
 End TimeMap
