 Begin CmpMap 	# Compound Mapping
    Nin = 1 	# Number of input coordinates
 IsA Mapping 	# Mapping between coordinate systems
    MapA = 	# First component Mapping
       Begin CmpMap 	# Compound Mapping
          Nin = 1 	# Number of input coordinates
          IsSimp = 1 	# Mapping has been simplified
       IsA Mapping 	# Mapping between coordinate systems
          MapA = 	# First component Mapping
             Begin MathMap 	# Transformation using mathematical functions
                Nin = 1 	# Number of input coordinates
             IsA Mapping 	# Mapping between coordinate systems
                Fwd1 = "y=1/(x*x)" 	# Forward function 1
                Inv1 = "x=1/sqrt(y)" 	# Inverse function 1
             End MathMap
          MapB = 	# Second component Mapping
             Begin CmpMap 	# Compound Mapping
                Nin = 1 	# Number of input coordinates
             IsA Mapping 	# Mapping between coordinate systems
                MapA = 	# First component Mapping
                   Begin ZoomMap 	# Zoom about the origin
                      Nin = 1 	# Number of input coordinates
                   IsA Mapping 	# Mapping between coordinate systems
                      Zoom = 1000000 	# Zoom factor
                   End ZoomMap
                MapB = 	# Second component Mapping
                   Begin SpecMap 	# Conversion between spectral coordinate systems
                      Nin = 1 	# Number of input coordinates
                   IsA Mapping 	# Mapping between coordinate systems
                      Nspec = 1 	# Number of conversion steps
                      Spec1 = "FRTOAW" 	# Convert frequency to wavelength (air)
                   End SpecMap
             End CmpMap
       End CmpMap
    MapB = 	# Second component Mapping
       Begin CmpMap 	# Compound Mapping
          Nin = 1 	# Number of input coordinates
          IsSimp = 1 	# Mapping has been simplified
       IsA Mapping 	# Mapping between coordinate systems
          MapA = 	# First component Mapping
             Begin SpecMap 	# Conversion between spectral coordinate systems
                Nin = 1 	# Number of input coordinates
             IsA Mapping 	# Mapping between coordinate systems
                Nspec = 1 	# Number of conversion steps
                Spec1 = "AWTOFR" 	# Convert wavelength (air) to frequency
             End SpecMap
          MapB = 	# Second component Mapping
             Begin ZoomMap 	# Zoom about the origin
                Nin = 1 	# Number of input coordinates
             IsA Mapping 	# Mapping between coordinate systems
                Zoom = 9.9999999999999995e-07 	# Zoom factor
             End ZoomMap
       End CmpMap
 End CmpMap
