 Begin CmpMap 	# Compound Mapping
    Nin = 1 	# Number of input coordinates
 IsA Mapping 	# Mapping between coordinate systems
    InvB = 1 	# Second Mapping used in inverse direction
    MapA = 	# First component Mapping
       Begin CmpMap 	# Compound Mapping
          Nin = 1 	# Number of input coordinates
          IsSimp = 1 	# Mapping has been simplified
       IsA Mapping 	# Mapping between coordinate systems
          MapA = 	# First component Mapping
             Begin MathMap 	# Transformation using mathematical functions
                Nin = 1 	# Number of input coordinates
             IsA Mapping 	# Mapping between coordinate systems
                Fwd1 = "output_units=8.4615949940752377e-09*exp(2.3025850929940459*input_units)" 	# Forward function 1
                Inv1 = "input_units=log10(118181028.6004228*output_units)" 	# Inverse function 1
                SimpFI = 1 	# Forward-inverse pairs may simplify
                SimpIF = 1 	# Inverse-forward pairs may simplify
             End MathMap
          MapB = 	# Second component Mapping
             Begin MathMap 	# Transformation using mathematical functions
                Nin = 1 	# Number of input coordinates
             IsA Mapping 	# Mapping between coordinate systems
                Fwd1 = "output_units=log10(118181028.60042281*input_units)" 	# Forward function 1
                Inv1 = "input_units=8.461594994075236e-09*exp(2.3025850929940459*output_units)" 	# Inverse function 1
                SimpFI = 1 	# Forward-inverse pairs may simplify
                SimpIF = 1 	# Inverse-forward pairs may simplify
             End MathMap
       End CmpMap
    MapB = 	# Second component Mapping
       Begin CmpMap 	# Compound Mapping
          Nin = 1 	# Number of input coordinates
          Invert = 1 	# Mapping inverted
       IsA Mapping 	# Mapping between coordinate systems
          MapA = 	# First component Mapping
             Begin MathMap 	# Transformation using mathematical functions
                Nin = 1 	# Number of input coordinates
             IsA Mapping 	# Mapping between coordinate systems
                Fwd1 = "output_units=8.4615949940752377e-09*exp(2.3025850929940459*input_units)" 	# Forward function 1
                Inv1 = "input_units=log10(118181028.6004228*output_units)" 	# Inverse function 1
                SimpFI = 1 	# Forward-inverse pairs may simplify
                SimpIF = 1 	# Inverse-forward pairs may simplify
             End MathMap
          MapB = 	# Second component Mapping
             Begin MathMap 	# Transformation using mathematical functions
                Nin = 1 	# Number of input coordinates
             IsA Mapping 	# Mapping between coordinate systems
                Fwd1 = "output_units=log10(118181028.60042281*input_units)" 	# Forward function 1
                Inv1 = "input_units=8.461594994075236e-09*exp(2.3025850929940459*output_units)" 	# Inverse function 1
                SimpFI = 1 	# Forward-inverse pairs may simplify
                SimpIF = 1 	# Inverse-forward pairs may simplify
             End MathMap
       End CmpMap
 End CmpMap
