 Begin Box 	# Axis intervals
#   Title = "4-d compound coordinate system" 	# Title of coordinate system
#   Naxes = 4 	# Number of coordinate axes
#   Domain = "SKY-TIME-SPECTRUM" 	# Coordinate system domain
#   Epoch = 2005 	# Julian epoch of observation
#   Lbl1 = "Galactic longitude" 	# Label for axis 1
#   Lbl2 = "Galactic latitude" 	# Label for axis 2
#   Lbl3 = "Modified Julian Date offset from 1999-07-23 16:00:00" 	# Label for axis 3
#   Lbl4 = "Energy" 	# Label for axis 4
#   System = "Compound" 	# Coordinate system type
#   Uni1 = "degrees" 	# Units for axis 1
#   Uni2 = "degrees" 	# Units for axis 2
#   Uni3 = "d" 	# Units for axis 3 (day)
#   Uni4 = "keV" 	# Units for axis 4
#   Dir1 = 0 	# Plot axis 1 in reverse direction
 IsA Frame 	# Coordinate system description
    Adapt = 1 	# Region adapts to coord sys changes
    FrmSet = 	# Original & current coordinate systems
       Begin FrameSet 	# Set of inter-related coordinate systems
#         Title = "4-d compound coordinate system" 	# Title of coordinate system
#         Naxes = 4 	# Number of coordinate axes
#         Domain = "SKY-TIME-SPECTRUM" 	# Coordinate system domain
#         Epoch = 2005 	# Julian epoch of observation
#         Lbl1 = "Galactic longitude" 	# Label for axis 1
#         Lbl2 = "Galactic latitude" 	# Label for axis 2
#         Lbl3 = "Modified Julian Date offset from 1999-07-23 16:00:00" 	# Label for axis 3
#         Lbl4 = "Energy" 	# Label for axis 4
#         System = "Compound" 	# Coordinate system type
#         Uni1 = "degrees" 	# Units for axis 1
#         Uni2 = "degrees" 	# Units for axis 2
#         Uni3 = "d" 	# Units for axis 3 (day)
#         Uni4 = "keV" 	# Units for axis 4
#         Dir1 = 0 	# Plot axis 1 in reverse direction
       IsA Frame 	# Coordinate system description
          Nframe = 2 	# Number of Frames in FrameSet
#         Base = 1 	# Index of base Frame
          Currnt = 2 	# Index of current Frame
          Lnk2 = 1 	# Node 2 is derived from node 1
          Frm1 = 	# Frame number 1
             Begin CmpFrame 	# Compound coordinate system description
                Ident = "ICRS-TT-CXO" 	# Permanent Object identification string
             IsA Object 	# AST Object
#               Title = "4-d compound coordinate system" 	# Title of coordinate system
#               Naxes = 4 	# Number of coordinate axes
#               Domain = "SKY-TIME-SPECTRUM" 	# Coordinate system domain
                Epoch = 2005 	# Julian epoch of observation
#               Lbl1 = "Right ascension" 	# Label for axis 1
#               Lbl2 = "Declination" 	# Label for axis 2
#               Lbl3 = "Modified Julian Date offset from 1999-07-23 16:00:00" 	# Label for axis 3
#               Lbl4 = "Energy" 	# Label for axis 4
#               Uni1 = "hh:mm:ss.s" 	# Units for axis 1
#               Uni2 = "ddd:mm:ss" 	# Units for axis 2
#               Uni3 = "d" 	# Units for axis 3 (day)
#               Uni4 = "keV" 	# Units for axis 4
#               Dir1 = 0 	# Plot axis 1 in reverse direction
             IsA Frame 	# Coordinate system description
                FrameA = 	# First component Frame
                   Begin CmpFrame 	# Compound coordinate system description
                      Epoch = 2005 	# Julian epoch of observation
                   IsA Frame 	# Coordinate system description
                      FrameA = 	# First component Frame
                         Begin SkyFrame 	# Description of celestial coordinate system
                            Title = "Space" 	# Title of coordinate system
                            Naxes = 2 	# Number of coordinate axes
                            Epoch = 2005 	# Julian epoch of observation
                            System = "ICRS" 	# Coordinate system type
                            Ax1 = 	# Axis number 1
                               Begin SkyAxis 	# Celestial coordinate axis
                               End SkyAxis
                            Ax2 = 	# Axis number 2
                               Begin SkyAxis 	# Celestial coordinate axis
                               End SkyAxis
                         IsA Frame 	# Coordinate system description
                         End SkyFrame
                      FrameB = 	# Second component Frame
                         Begin TimeFrame 	# Description of time coordinate system
                            Title = "Time" 	# Title of coordinate system
                            Naxes = 1 	# Number of coordinate axes
                            Epoch = 2005 	# Julian epoch of observation
                            System = "MJD" 	# Coordinate system type
                            Ax1 = 	# Axis number 1
                               Begin Axis 	# Coordinate axis
                                  Unit = "d" 	# Axis units (day)
                               End Axis
                         IsA Frame 	# Coordinate system description
                            TmScl = "TT" 	# Time scale
                            TmOrg = 51382.666666666664 	# Time offset
                         End TimeFrame
                   End CmpFrame
                FrameB = 	# Second component Frame
                   Begin SpecFrame 	# Description of spectral coordinate system
                      Naxes = 1 	# Number of coordinate axes
                      Epoch = 2005 	# Julian epoch of observation
                      System = "ENER" 	# Coordinate system type
                      Ax1 = 	# Axis number 1
                         Begin Axis 	# Coordinate axis
                            Unit = "keV" 	# Axis units
                         End Axis
                   IsA Frame 	# Coordinate system description
                      SoR = "Topocentric" 	# Standard of rest
                      UEner = "keV" 	# Preferred units for energy
                   End SpecFrame
             End CmpFrame
          Frm2 = 	# Frame number 2
             Begin CmpFrame 	# Compound coordinate system description
                Ident = "ICRS-TT-CXO" 	# Permanent Object identification string
             IsA Object 	# AST Object
#               Title = "4-d compound coordinate system" 	# Title of coordinate system
#               Naxes = 4 	# Number of coordinate axes
#               Domain = "SKY-TIME-SPECTRUM" 	# Coordinate system domain
                Epoch = 2005 	# Julian epoch of observation
#               Lbl1 = "Galactic longitude" 	# Label for axis 1
#               Lbl2 = "Galactic latitude" 	# Label for axis 2
#               Lbl3 = "Modified Julian Date offset from 1999-07-23 16:00:00" 	# Label for axis 3
#               Lbl4 = "Energy" 	# Label for axis 4
#               Uni1 = "degrees" 	# Units for axis 1
#               Uni2 = "degrees" 	# Units for axis 2
#               Uni3 = "d" 	# Units for axis 3 (day)
#               Uni4 = "keV" 	# Units for axis 4
#               Dir1 = 0 	# Plot axis 1 in reverse direction
             IsA Frame 	# Coordinate system description
                FrameA = 	# First component Frame
                   Begin CmpFrame 	# Compound coordinate system description
                      Epoch = 2005 	# Julian epoch of observation
                   IsA Frame 	# Coordinate system description
                      FrameA = 	# First component Frame
                         Begin SkyFrame 	# Description of celestial coordinate system
                            Title = "Space" 	# Title of coordinate system
                            Naxes = 2 	# Number of coordinate axes
                            Epoch = 2005 	# Julian epoch of observation
                            System = "GALACTIC" 	# Coordinate system type
                            Ax1 = 	# Axis number 1
                               Begin SkyAxis 	# Celestial coordinate axis
                               End SkyAxis
                            Ax2 = 	# Axis number 2
                               Begin SkyAxis 	# Celestial coordinate axis
                               End SkyAxis
                         IsA Frame 	# Coordinate system description
                         End SkyFrame
                      FrameB = 	# Second component Frame
                         Begin TimeFrame 	# Description of time coordinate system
                            Title = "Time" 	# Title of coordinate system
                            Naxes = 1 	# Number of coordinate axes
                            Epoch = 2005 	# Julian epoch of observation
                            System = "MJD" 	# Coordinate system type
                            Ax1 = 	# Axis number 1
                               Begin Axis 	# Coordinate axis
                                  Unit = "d" 	# Axis units (day)
                               End Axis
                         IsA Frame 	# Coordinate system description
                            TmScl = "TT" 	# Time scale
                            TmOrg = 51382.666666666664 	# Time offset
                         End TimeFrame
                   End CmpFrame
                FrameB = 	# Second component Frame
                   Begin SpecFrame 	# Description of spectral coordinate system
                      Naxes = 1 	# Number of coordinate axes
                      Epoch = 2005 	# Julian epoch of observation
                      System = "ENER" 	# Coordinate system type
                      Ax1 = 	# Axis number 1
                         Begin Axis 	# Coordinate axis
                            Unit = "keV" 	# Axis units
                         End Axis
                   IsA Frame 	# Coordinate system description
                      SoR = "Topocentric" 	# Standard of rest
                      UEner = "keV" 	# Preferred units for energy
                   End SpecFrame
             End CmpFrame
          Map2 = 	# Mapping between nodes 1 and 2
             Begin CmpMap 	# Compound Mapping
                Nin = 4 	# Number of input coordinates
                IsSimp = 1 	# Mapping has been simplified
             IsA Mapping 	# Mapping between coordinate systems
                Series = 0 	# Component Mappings applied in parallel
                MapA = 	# First component Mapping
                   Begin SlaMap 	# Conversion between sky coordinate systems
                      Nin = 2 	# Number of input coordinates
                      IsSimp = 1 	# Mapping has been simplified
                   IsA Mapping 	# Mapping between coordinate systems
                      Nsla = 2 	# Number of conversion steps
                      Sla1 = "HFK5Z" 	# ICRS to J2000.0 FK5 (no PM or parallax)
                      Sla1a = 2005 	# Julian epoch of FK5 coordinates
                      Sla2 = "EQGAL" 	# J2000.0 equatorial (FK5) to galactic (IAU 1958)
                   End SlaMap
                MapB = 	# Second component Mapping
                   Begin UnitMap 	# Unit (null) Mapping
                      Nin = 2 	# Number of input coordinates
                      IsSimp = 1 	# Mapping has been simplified
                   IsA Mapping 	# Mapping between coordinate systems
                   End UnitMap
             End CmpMap
       End FrameSet
    Points = 	# Points defining the shape
       Begin PointSet 	# Container for a set of points
          Npoint = 2 	# Number of points
          Ncoord = 4 	# Number of coordinates per point
          X1 = 1.6940658945086007e-21 	# Coordinate values...
          X2 = 1.4611318340136681e-20
          X3 = 0
          X4 = 5.0600000000000467
          X5 = 2.4240684055494053e-06
          X6 = 2.4240684055446696e-06
          X7 = 5.7870370371833693e-10
          X8 = 5.1100000000000199
       End PointSet
 IsA Region 	# An area within a coordinate system
 End Box
