 Begin CmpMap 	# Compound Mapping
    Nin = 4 	# Number of input coordinates
 IsA Mapping 	# Mapping between coordinate systems
    Series = 0 	# Component Mappings applied in parallel
    MapA = 	# First component Mapping
       Begin CmpMap 	# Compound Mapping
          Nin = 3 	# Number of input coordinates
       IsA Mapping 	# Mapping between coordinate systems
          Series = 0 	# Component Mappings applied in parallel
          MapA = 	# First component Mapping
             Begin MathMap 	# Transformation using mathematical functions
                Nin = 1 	# Number of input coordinates
             IsA Mapping 	# Mapping between coordinate systems
                Fwd1 = "y=2*x" 	# Forward function 1
                Inv1 = "x=0.5*y" 	# Inverse function 1
             End MathMap
          MapB = 	# Second component Mapping
             Begin CmpMap 	# Compound Mapping
                Nin = 2 	# Number of input coordinates
             IsA Mapping 	# Mapping between coordinate systems
                Series = 0 	# Component Mappings applied in parallel
                MapA = 	# First component Mapping
                   Begin MathMap 	# Transformation using mathematical functions
                      Nin = 1 	# Number of input coordinates
                   IsA Mapping 	# Mapping between coordinate systems
                      Fwd1 = "y=3*x" 	# Forward function 1
                      Inv1 = "x=y/3" 	# Inverse function 1
                   End MathMap
                MapB = 	# Second component Mapping
                   Begin MathMap 	# Transformation using mathematical functions
                      Nin = 1 	# Number of input coordinates
                   IsA Mapping 	# Mapping between coordinate systems
                      Fwd1 = "y=4*x" 	# Forward function 1
                      Inv1 = "x=0.25*y" 	# Inverse function 1
                   End MathMap
             End CmpMap
       End CmpMap
    MapB = 	# Second component Mapping
       Begin MathMap 	# Transformation using mathematical functions
          Nin = 1 	# Number of input coordinates
       IsA Mapping 	# Mapping between coordinate systems
          Fwd1 = "y=5*x" 	# Forward function 1
          Inv1 = "x=0.2*y" 	# Inverse function 1
       End MathMap
 End CmpMap
