 Begin CmpMap 	# Compound Mapping
    Nin = 2 	# Number of input coordinates
 IsA Mapping 	# Mapping between coordinate systems
    MapA = 	# First component Mapping
       Begin MatrixMap 	# Matrix transformation
          Nin = 2 	# Number of input coordinates
       IsA Mapping 	# Mapping between coordinate systems
          M0 = 2 	# Forward matrix value
          M1 = 3 	# Forward matrix value
          IM0 = 0.5 	# Inverse matrix value
          IM1 = 0.33333333333333331 	# Inverse matrix value
          Form = "Diagonal" 	# Matrix storage form
       End MatrixMap
    MapB = 	# Second component Mapping
       Begin CmpMap 	# Compound Mapping
          Nin = 2 	# Number of input coordinates
       IsA Mapping 	# Mapping between coordinate systems
          MapA = 	# First component Mapping
             Begin PermMap 	# Coordinate permutation
                Nin = 2 	# Number of input coordinates
             IsA Mapping 	# Mapping between coordinate systems
                Out1 = 2 	# Output coordinate 1 = input coordinate 2
                Out2 = 1 	# Output coordinate 2 = input coordinate 1
                In1 = 2 	# Input coordinate 1 = output coordinate 2
                In2 = 1 	# Input coordinate 2 = output coordinate 1
             End PermMap
          MapB = 	# Second component Mapping
             Begin MatrixMap 	# Matrix transformation
                Nin = 2 	# Number of input coordinates
             IsA Mapping 	# Mapping between coordinate systems
                M0 = 4 	# Forward matrix value
                M1 = 5 	# Forward matrix value
                IM0 = 0.25 	# Inverse matrix value
                IM1 = 0.20000000000000001 	# Inverse matrix value
                Form = "Diagonal" 	# Matrix storage form
             End MatrixMap
       End CmpMap
 End CmpMap
