 Begin CmpMap 	# Compound Mapping
    Nin = 1 	# Number of input coordinates
 IsA Mapping 	# Mapping between coordinate systems
    InvB = 1 	# Second Mapping used in inverse direction
    MapA = 	# First component Mapping
       Begin IntraMap 	# Map points using a private transformation function
          Nin = 1 	# Number of input coordinates
       IsA Mapping 	# Mapping between coordinate systems
          Fname = "nosimpfi" 	# Name of transformation function
          Iflag = "x" 	# IntraMap identification string
          Purp = "IntraMap without SIMPFI for simplify fixtures" 	# Purpose of function
          Auth = "AST test suite" 	# Author's name
          Cntact = "starlink-ast" 	# Contact address
       End IntraMap
    MapB = 	# Second component Mapping
       Begin IntraMap 	# Map points using a private transformation function
          Nin = 1 	# Number of input coordinates
          Invert = 1 	# Mapping inverted
       IsA Mapping 	# Mapping between coordinate systems
          Fname = "nosimpfi" 	# Name of transformation function
          Iflag = "x" 	# IntraMap identification string
          Purp = "IntraMap without SIMPFI for simplify fixtures" 	# Purpose of function
          Auth = "AST test suite" 	# Author's name
          Cntact = "starlink-ast" 	# Contact address
       End IntraMap
 End CmpMap
