 Begin CmpMap 	# Compound Mapping
    Nin = 2 	# Number of input coordinates
 IsA Mapping 	# Mapping between coordinate systems
    InvA = 1 	# First Mapping used in inverse direction
    MapA = 	# First component Mapping
       Begin SphMap 	# Cartesian to Spherical mapping
          Nin = 3 	# Number of input coordinates
          Nout = 2 	# Number of output coordinates
          Invert = 1 	# Mapping inverted
       IsA Mapping 	# Mapping between coordinate systems
          UntRd = 1 	# All input vectors have unit length
#         PlrLg = 0 	# Polar longitude (rad.s)
       End SphMap
    MapB = 	# Second component Mapping
       Begin CmpMap 	# Compound Mapping
          Nin = 3 	# Number of input coordinates
          Nout = 2 	# Number of output coordinates
       IsA Mapping 	# Mapping between coordinate systems
          MapA = 	# First component Mapping
             Begin MatrixMap 	# Matrix transformation
                Nin = 3 	# Number of input coordinates
             IsA Mapping 	# Mapping between coordinate systems
                M0 = 1 	# Forward matrix value
                M1 = 0.5 	# Forward matrix value
                M2 = 0 	# Forward matrix value
                M3 = 0 	# Forward matrix value
                M4 = 1 	# Forward matrix value
                M5 = 0 	# Forward matrix value
                M6 = 0 	# Forward matrix value
                M7 = 0 	# Forward matrix value
                M8 = 1 	# Forward matrix value
                IM0 = 1 	# Inverse matrix value
                IM1 = -0.5 	# Inverse matrix value
                IM2 = 0 	# Inverse matrix value
                IM3 = 0 	# Inverse matrix value
                IM4 = 1 	# Inverse matrix value
                IM5 = 0 	# Inverse matrix value
                IM6 = 0 	# Inverse matrix value
                IM7 = 0 	# Inverse matrix value
                IM8 = 1 	# Inverse matrix value
                Form = "Full" 	# Matrix storage form
             End MatrixMap
          MapB = 	# Second component Mapping
             Begin SphMap 	# Cartesian to Spherical mapping
                Nin = 3 	# Number of input coordinates
                Nout = 2 	# Number of output coordinates
             IsA Mapping 	# Mapping between coordinate systems
                UntRd = 1 	# All input vectors have unit length
#               PlrLg = 0 	# Polar longitude (rad.s)
             End SphMap
       End CmpMap
 End CmpMap
