 Begin CmpMap 	# Compound Mapping
    Nin = 2 	# Number of input coordinates
 IsA Mapping 	# Mapping between coordinate systems
    Series = 0 	# Component Mappings applied in parallel
    MapA = 	# First component Mapping
       Begin NullRegion 	# Boundless region
#         Title = "1-d coordinate system" 	# Title of coordinate system
#         Naxes = 1 	# Number of coordinate axes
#         Domain = "A" 	# Coordinate system domain
#         Epoch = 2000 	# Julian epoch of observation
#         Lbl1 = "Axis 1" 	# Label for axis 1
#         System = "Cartesian" 	# Coordinate system type
       IsA Frame 	# Coordinate system description
          Adapt = 1 	# Region adapts to coord sys changes
          Frm = 	# Coordinate system
             Begin Frame 	# Coordinate system description
#               Title = "1-d coordinate system" 	# Title of coordinate system
                Naxes = 1 	# Number of coordinate axes
                Domain = "A" 	# Coordinate system domain
#               Lbl1 = "Axis 1" 	# Label for axis 1
                Ax1 = 	# Axis number 1
                   Begin Axis 	# Coordinate axis
                   End Axis
             End Frame
          RegAxes = 1 	# Number of axes spanned by the Region
       IsA Region 	# An area within a coordinate system
       End NullRegion
    MapB = 	# Second component Mapping
       Begin ZoomMap 	# Zoom about the origin
          Nin = 1 	# Number of input coordinates
       IsA Mapping 	# Mapping between coordinate systems
          Zoom = 2 	# Zoom factor
       End ZoomMap
 End CmpMap
