 Begin CmpMap 	# Compound Mapping
    Nin = 2 	# Number of input coordinates
 IsA Mapping 	# Mapping between coordinate systems
    Series = 0 	# Component Mappings applied in parallel
    MapA = 	# First component Mapping
       Begin IntraMap 	# Map points using a private transformation function
          Nin = 1 	# Number of input coordinates
       IsA Mapping 	# Mapping between coordinate systems
          Fname = "simplifyidentity" 	# Name of transformation function
          Iflag = "x" 	# IntraMap identification string
          Purp = "Identity IntraMap for simplify fixtures" 	# Purpose of function
          Auth = "AST test suite" 	# Author's name
          Cntact = "starlink-ast" 	# Contact address
       End IntraMap
    MapB = 	# Second component Mapping
       Begin IntraMap 	# Map points using a private transformation function
          Nin = 1 	# Number of input coordinates
       IsA Mapping 	# Mapping between coordinate systems
          Fname = "simplifyidentity" 	# Name of transformation function
          Iflag = "x" 	# IntraMap identification string
          Purp = "Identity IntraMap for simplify fixtures" 	# Purpose of function
          Auth = "AST test suite" 	# Author's name
          Cntact = "starlink-ast" 	# Contact address
       End IntraMap
 End CmpMap
