 Begin CmpMap 	# Compound Mapping
    Nin = 2 	# Number of input coordinates
 IsA Mapping 	# Mapping between coordinate systems
    InvB = 1 	# Second Mapping used in inverse direction
    MapA = 	# First component Mapping
       Begin CmpMap 	# Compound Mapping
          Nin = 2 	# Number of input coordinates
       IsA Mapping 	# Mapping between coordinate systems
          MapA = 	# First component Mapping
             Begin CmpMap 	# Compound Mapping
                Nin = 2 	# Number of input coordinates
             IsA Mapping 	# Mapping between coordinate systems
                MapA = 	# First component Mapping
                   Begin WcsMap 	# FITS-WCS sky projection
                      Nin = 2 	# Number of input coordinates
                   IsA Mapping 	# Mapping between coordinate systems
                      Type = "TAN" 	# Gnomonic projection
                   End WcsMap
                MapB = 	# Second component Mapping
                   Begin ZoomMap 	# Zoom about the origin
                      Nin = 2 	# Number of input coordinates
                   IsA Mapping 	# Mapping between coordinate systems
                      Zoom = 3 	# Zoom factor
                   End ZoomMap
             End CmpMap
          MapB = 	# Second component Mapping
             Begin UnitMap 	# Unit (null) Mapping
                Nin = 2 	# Number of input coordinates
             IsA Mapping 	# Mapping between coordinate systems
             End UnitMap
       End CmpMap
    MapB = 	# Second component Mapping
       Begin WcsMap 	# FITS-WCS sky projection
          Nin = 2 	# Number of input coordinates
          Invert = 1 	# Mapping inverted
       IsA Mapping 	# Mapping between coordinate systems
          Type = "TAN" 	# Gnomonic projection
       End WcsMap
 End CmpMap

