 Begin CmpMap 	# Compound Mapping
    Nin = 3 	# Number of input coordinates
 IsA Mapping 	# Mapping between coordinate systems
    MapA = 	# First component Mapping
       Begin CmpMap 	# Compound Mapping
          Nin = 3 	# Number of input coordinates
       IsA Mapping 	# Mapping between coordinate systems
          MapA = 	# First component Mapping
             Begin CmpMap 	# Compound Mapping
                Nin = 3 	# Number of input coordinates
             IsA Mapping 	# Mapping between coordinate systems
                MapA = 	# First component Mapping
                   Begin CmpMap 	# Compound Mapping
                      Nin = 3 	# Number of input coordinates
                   IsA Mapping 	# Mapping between coordinate systems
                      MapA = 	# First component Mapping
                         Begin CmpMap 	# Compound Mapping
                            Nin = 3 	# Number of input coordinates
                         IsA Mapping 	# Mapping between coordinate systems
                            MapA = 	# First component Mapping
                               Begin WinMap 	# Map one window on to another
                                  Nin = 3 	# Number of input coordinates
                               IsA Mapping 	# Mapping between coordinate systems
                                  Sft1 = -513 	# Shift for axis 1
                                  Sft2 = -50 	# Shift for axis 2
                                  Sft3 = -50 	# Shift for axis 3
                               End WinMap
                            MapB = 	# Second component Mapping
                               Begin MatrixMap 	# Matrix transformation
                                  Nin = 3 	# Number of input coordinates
                               IsA Mapping 	# Mapping between coordinate systems
                                  Form = "Unit" 	# Matrix storage form
                               End MatrixMap
                         End CmpMap
                      MapB = 	# Second component Mapping
                         Begin MatrixMap 	# Matrix transformation
                            Nin = 3 	# Number of input coordinates
                         IsA Mapping 	# Mapping between coordinate systems
                            M0 = 1000000 	# Forward matrix value
                            M1 = -0.01 	# Forward matrix value
                            M2 = 0.01 	# Forward matrix value
                            IM0 = 9.9999999999999995e-07 	# Inverse matrix value
                            IM1 = -100 	# Inverse matrix value
                            IM2 = 100 	# Inverse matrix value
                            Form = "Diagonal" 	# Matrix storage form
                         End MatrixMap
                   End CmpMap
                MapB = 	# Second component Mapping
                   Begin CmpMap 	# Compound Mapping
                      Nin = 3 	# Number of input coordinates
                   IsA Mapping 	# Mapping between coordinate systems
                      MapA = 	# First component Mapping
                         Begin CmpMap 	# Compound Mapping
                            Nin = 3 	# Number of input coordinates
                         IsA Mapping 	# Mapping between coordinate systems
                            InvB = 1 	# Second Mapping used in inverse direction
                            MapA = 	# First component Mapping
                               Begin MatrixMap 	# Matrix transformation
                                  Nin = 3 	# Number of input coordinates
                               IsA Mapping 	# Mapping between coordinate systems
                                  M0 = 1 	# Forward matrix value
                                  M1 = 0.017453292519943295 	# Forward matrix value
                                  M2 = 0.017453292519943295 	# Forward matrix value
                                  IM0 = 1 	# Inverse matrix value
                                  IM1 = 57.295779513082323 	# Inverse matrix value
                                  IM2 = 57.295779513082323 	# Inverse matrix value
                                  Form = "Diagonal" 	# Matrix storage form
                               End MatrixMap
                            MapB = 	# Second component Mapping
                               Begin WcsMap 	# FITS-WCS sky projection
                                  Nin = 3 	# Number of input coordinates
                                  Invert = 1 	# Mapping inverted
                               IsA Mapping 	# Mapping between coordinate systems
                                  Type = "AIT" 	# Hammer-Aitoff projection
                                  WcsAx1 = 2 	# Index of celestial longitude axis
                                  WcsAx2 = 3 	# Index of celestial latitude axis
                               End WcsMap
                         End CmpMap
                      MapB = 	# Second component Mapping
                         Begin CmpMap 	# Compound Mapping
                            Nin = 3 	# Number of input coordinates
                         IsA Mapping 	# Mapping between coordinate systems
                            InvB = 1 	# Second Mapping used in inverse direction
                            MapA = 	# First component Mapping
                               Begin CmpMap 	# Compound Mapping
                                  Nin = 3 	# Number of input coordinates
                               IsA Mapping 	# Mapping between coordinate systems
                                  MapA = 	# First component Mapping
                                     Begin PermMap 	# Coordinate permutation
                                        Nin = 3 	# Number of input coordinates
                                        Invert = 1 	# Mapping inverted
                                     IsA Mapping 	# Mapping between coordinate systems
                                        Out1 = 2 	# Output coordinate 1 = input coordinate 2
                                        Out2 = 3 	# Output coordinate 2 = input coordinate 3
                                        Out3 = 1 	# Output coordinate 3 = input coordinate 1
                                        In1 = 3 	# Input coordinate 1 = output coordinate 3
                                        In2 = 1 	# Input coordinate 2 = output coordinate 1
                                        In3 = 2 	# Input coordinate 3 = output coordinate 2
                                     End PermMap
                                  MapB = 	# Second component Mapping
                                     Begin CmpMap 	# Compound Mapping
                                        Nin = 3 	# Number of input coordinates
                                     IsA Mapping 	# Mapping between coordinate systems
                                        Series = 0 	# Component Mappings applied in parallel
                                        MapA = 	# First component Mapping
                                           Begin CmpMap 	# Compound Mapping
                                              Nin = 2 	# Number of input coordinates
                                           IsA Mapping 	# Mapping between coordinate systems
                                              MapA = 	# First component Mapping
                                                 Begin CmpMap 	# Compound Mapping
                                                    Nin = 2 	# Number of input coordinates
                                                    Nout = 3 	# Number of output coordinates
                                                 IsA Mapping 	# Mapping between coordinate systems
                                                    InvA = 1 	# First Mapping used in inverse direction
                                                    MapA = 	# First component Mapping
                                                       Begin SphMap 	# Cartesian to Spherical mapping
                                                          Nin = 3 	# Number of input coordinates
                                                          Nout = 2 	# Number of output coordinates
                                                          Invert = 1 	# Mapping inverted
                                                       IsA Mapping 	# Mapping between coordinate systems
                                                          UntRd = 1 	# All input vectors have unit length
                                                          PlrLg = 0 	# Polar longitude (rad.s)
                                                       End SphMap
                                                    MapB = 	# Second component Mapping
                                                       Begin MatrixMap 	# Matrix transformation
                                                          Nin = 3 	# Number of input coordinates
                                                       IsA Mapping 	# Mapping between coordinate systems
                                                          Form = "Unit" 	# Matrix storage form
                                                       End MatrixMap
                                                 End CmpMap
                                              MapB = 	# Second component Mapping
                                                 Begin SphMap 	# Cartesian to Spherical mapping
                                                    Nin = 3 	# Number of input coordinates
                                                    Nout = 2 	# Number of output coordinates
                                                 IsA Mapping 	# Mapping between coordinate systems
                                                    UntRd = 1 	# All input vectors have unit length
                                                    PlrLg = 0 	# Polar longitude (rad.s)
                                                 End SphMap
                                           End CmpMap
                                        MapB = 	# Second component Mapping
                                           Begin UnitMap 	# Unit (null) Mapping
                                              Nin = 1 	# Number of input coordinates
                                           IsA Mapping 	# Mapping between coordinate systems
                                           End UnitMap
                                     End CmpMap
                               End CmpMap
                            MapB = 	# Second component Mapping
                               Begin PermMap 	# Coordinate permutation
                                  Nin = 3 	# Number of input coordinates
                                  Invert = 1 	# Mapping inverted
                               IsA Mapping 	# Mapping between coordinate systems
                                  Out1 = 2 	# Output coordinate 1 = input coordinate 2
                                  Out2 = 3 	# Output coordinate 2 = input coordinate 3
                                  Out3 = 1 	# Output coordinate 3 = input coordinate 1
                                  In1 = 3 	# Input coordinate 1 = output coordinate 3
                                  In2 = 1 	# Input coordinate 2 = output coordinate 1
                                  In3 = 2 	# Input coordinate 3 = output coordinate 2
                               End PermMap
                         End CmpMap
                   End CmpMap
             End CmpMap
          MapB = 	# Second component Mapping
             Begin CmpMap 	# Compound Mapping
                Nin = 3 	# Number of input coordinates
             IsA Mapping 	# Mapping between coordinate systems
                Series = 0 	# Component Mappings applied in parallel
                MapA = 	# First component Mapping
                   Begin CmpMap 	# Compound Mapping
                      Nin = 2 	# Number of input coordinates
                   IsA Mapping 	# Mapping between coordinate systems
                      Series = 0 	# Component Mappings applied in parallel
                      MapA = 	# First component Mapping
                         Begin ShiftMap 	# Shift each coordinate axis
                            Nin = 1 	# Number of input coordinates
                         IsA Mapping 	# Mapping between coordinate systems
                            Sft1 = 1420405752 	# Shift for axis 1
                         End ShiftMap
                      MapB = 	# Second component Mapping
                         Begin UnitMap 	# Unit (null) Mapping
                            Nin = 1 	# Number of input coordinates
                         IsA Mapping 	# Mapping between coordinate systems
                         End UnitMap
                   End CmpMap
                MapB = 	# Second component Mapping
                   Begin UnitMap 	# Unit (null) Mapping
                      Nin = 1 	# Number of input coordinates
                   IsA Mapping 	# Mapping between coordinate systems
                   End UnitMap
             End CmpMap
       End CmpMap
    MapB = 	# Second component Mapping
       Begin UnitMap 	# Unit (null) Mapping
          Nin = 3 	# Number of input coordinates
       IsA Mapping 	# Mapping between coordinate systems
       End UnitMap
 End CmpMap
